09/05/2026 [       INFO] MAINSCREEN: Program Started
09/05/2026 [       CORE] LAUNCHER: Set Parent Window location
09/05/2026 [   COMPLETE] LAUNCHER: Set Parent Window location
09/05/2026 [       CORE] DISCORD: Initializing Rich Presence Core
09/05/2026 [      SYSTM] NET-FRAMEWORK: Supported Installed Version
09/05/2026 [   CHECKING] SETUP: Setting Launcher Folder Directory
09/05/2026 [   COMPLETE] SETUP: Current Directory now Set at -> E:\Multimedia\Programación\Proyectos\NFS World\nfsw-lan-server\launcher\
09/05/2026 [   CHECKING] FOLDER LOCATION: Checking Launcher Folder Directory
09/05/2026 [   COMPLETE] FOLDER LOCATION: Done
09/05/2026 [   CHECKING] WRITE TEST: File [CREATE & REMOVE]
09/05/2026 [   CHECKING] WRITE TEST: File [SUCCESS]
09/05/2026 [       INFO] CURRENT DATE: 09/05/2026
09/05/2026 [   CHECKING] LAUNCHER MIGRATION: Appdata and/or Roaming Folders
09/05/2026 [   COMPLETE] LAUNCHER MIGRATION: Done
09/05/2026 [   CHECKING] LAUNCHER XML: If File Exists or Not
09/05/2026 [   COMPLETE] LAUNCHER XML: Done
09/05/2026 [      BUILD] : SBRW.Launcher 2.2.4 - (04-27-25-H)
09/05/2026 [   CHECKING] OS: Detecting
09/05/2026 [      SYSTM] DETECTED OS: Windows 11 64 Bit
09/05/2026 [      SYSTM] WINDOWS BUILD: 26100
09/05/2026 [      SYSTM] NT VERSION: Microsoft Windows NT 10.0.26200.0
09/05/2026 [      SYSTM] VIDEO CARD: NVIDIA GeForce RTX 3060
09/05/2026 [      SYSTM] DRIVER VERSION: 32.0.16.1088
09/05/2026 [   COMPLETE] OS: Detected
09/05/2026 [   CHECKING] WRITE TEST: File [CREATE & REMOVE]
09/05/2026 [   CHECKING] WRITE TEST: File [SUCCESS]
09/05/2026 [   COMPLETE] WRITE TEST: Passed
09/05/2026 [   CHECKING] ACCOUNT FILE MIGRATION: Doing Migration
09/05/2026 [   COMPLETE] ACCOUNT FILE MIGRATION: Already Migrated
09/05/2026 [   COMPLETE] ACCOUNT FILE MIGRATION: Done
09/05/2026 [       INFO] FILE ARCHIVE PATH: Checking Default Game Archive Locations
09/05/2026 [   CHECKING] INI FILES: Doing Nullsafe
09/05/2026 [       INFO] PROXY SETTINGS: Random Generated Default Port -> 2022
09/05/2026 [   FUNCTION] CUSTOM PROXY PORT: -> 2022 has been Set
09/05/2026 [       INFO] PROXY SETTINGS: Custom Proxy Port -> 2022
09/05/2026 [       INFO] PROXY: Local Proxy Server has Fully Initialized (SBRW.Launcher.Core.Extra [Null Safe])
09/05/2026 [   COMPLETE] INI FILES: Done
09/05/2026 [   CHECKING] LAUNCHER THEME: Checking
09/05/2026 [   CHECKING] LAUNCHER THEME: Done
09/05/2026 [   FUNCTION] APPLICATION: Setting Language
09/05/2026 [   COMPLETE] APPLICATION: Done Setting Language 'es'
09/05/2026 [   CHECKING] FOLDER: Launcher Data Folder
09/05/2026 [   COMPLETE] FOLDER: Launcher Data Done
09/05/2026 [   CHECKING] JSON: Servers File
09/05/2026 [      ERROR] JSON SERVER FILE: Este archivo ya existe.

09/05/2026 [ ERROR CODE] JSON SERVER FILE: -2147024816
09/05/2026 [ FULL ERROR] JSON SERVER FILE: System.IO.IOException: Este archivo ya existe.

   en System.IO.__Error.WinIOError(Int32 errorCode, String maybeFullPath)
   en System.IO.__Error.WinIOError()
   en System.IO.File.InternalMove(String sourceFileName, String destFileName, Boolean checkHost)
   en SBRW.Launcher.App.UI_Forms.Parent_Screen.<>c.<Parent_Screen_Shown>b__24_11()
09/05/2026 [   COMPLETE] FOLDER: Done
09/05/2026 [   CHECKING] CLEANLINKS: Game Path
09/05/2026 [   COMPLETE] CLEANLINKS: Not Present
09/05/2026 [   CHECKING] PROXY: Checking if Proxy Is Disabled from User Settings! It's value is 0
09/05/2026 [   CHECKING] CLIENT: Checking Alternative WebCalls, it's value is WebClient
09/05/2026 [   CHECKING] PRELOAD: Headers
09/05/2026 [   COMPLETE] PRELOAD: Headers
09/05/2026 [   CHECKING] CERTIFICATE STORE: Is Installed or Not
09/05/2026 [       INFO] CERTIFICATE STORE: Setting Common Name -> Carbon Crew CA
09/05/2026 [       INFO] CERTIFICATE STORE: Setting Subject Name -> CN=Carbon Crew CA, OU=Certificate Authority, O=Carbon Crew Productions, C=US
09/05/2026 [       INFO] CERTIFICATE STORE: Setting Serial Number -> 7EA80AF3572F17E2
09/05/2026 [       INFO] CERTIFICATE STORE: Setting Root CA File Name -> CC-CA
09/05/2026 [       INFO] CERTIFICATE STORE: Setting Root CA File URL -> http://carbon-crew.github.io/ROOT-CA/CC-CA.cer
09/05/2026 [       INFO] CERTIFICATE STORE: Found Root CA [CN=Carbon Crew CA, OU=Certificate Authority, O=Carbon Crew Productions, C=US]
09/05/2026 [       INFO] CERTIFICATE STORE: Serial Number [7EA80AF3572F17E2]
09/05/2026 [   COMPLETE] CERTIFICATE STORE: Done
09/05/2026 [       INFO] VERIFIED: Moved to Function
09/05/2026 [       INFO] SIGNED: True
09/05/2026 [       INFO] REDISTRIBUTABLE: Moved to Function
09/05/2026 [   CHECKING] REDISTRIBUTABLE: Is Installed or Not
09/05/2026 [       INFO] REDISTRIBUTABLE: 32-bit VC++ Redistributable Package is Installed
09/05/2026 [       INFO] REDISTRIBUTABLE: 64-bit VC++ Redistributable Package is Installed
09/05/2026 [   COMPLETE] REDISTRIBUTABLE: Done
09/05/2026 [       INFO] LIST: Moved to Function
09/05/2026 [   CHECKING] LIST CORE: Creating Language List
09/05/2026 [   COMPLETE] LIST CORE: Done
09/05/2026 [       INFO] API: Moved to Function
09/05/2026 [       INFO] API: Checking Status
09/05/2026 [   CHECKING] API: Checking WorldUnited Status
09/05/2026 [   CHECKING] CHECKING STATUS: https://api.worldunited.gg/serverlist.json
09/05/2026 [   COMPLETE] CHECKING STATUS: https://api.worldunited.gg/serverlist.json [Is Online]
09/05/2026 [   CHECKING] JSON LIST: Retriving JSON LIST https://api.worldunited.gg/serverlist.json
09/05/2026 [        URL] JSON LIST: Retrieved https://api.worldunited.gg/serverlist.json
09/05/2026 [   COMPLETE] JSON LIST: Valid https://api.worldunited.gg/serverlist.json
09/05/2026 [   CHECKING] JSON LIST: Retriving JSON LIST https://api.worldunited.gg/cdn_list.json
09/05/2026 [        URL] JSON LIST: Retrieved https://api.worldunited.gg/cdn_list.json
09/05/2026 [   COMPLETE] JSON LIST: Valid https://api.worldunited.gg/cdn_list.json
09/05/2026 [   COMPLETE] API: WorldUnited Status Check
09/05/2026 [   CHECKING] API: Checking API Results
09/05/2026 [   COMPLETE] API: Done Checking API Results
09/05/2026 [       INFO] LIST CORE: Moved to Function
09/05/2026 [   CHECKING] SERVER LIST CORE: Creating Server List
09/05/2026 [   COMPLETE] SERVER LIST CORE: Done
09/05/2026 [       INFO] LAUNCHER UPDATER: Moved to Function
09/05/2026 [   CHECKING] LAUNCHER UPDATER: Is Version Up to Date or not
09/05/2026 [       INFO] LAUNCHER UPDATER: Setting Latest Version -> 1.0.1.24
09/05/2026 [       INFO] LAUNCHER UPDATER: Latest Version -> 1.0.1.24
09/05/2026 [   COMPLETE] LAUNCHER UPDATER: Done
09/05/2026 [       INFO] LAUNCHER UPDATE: Moved to Function
09/05/2026 [   CHECKING] LAUNCHER UPDATE: Is Version Up to Date or not
09/05/2026 [       INFO] LAUNCHER UPDATE: GitHub Latest Version -> 2.2.4
09/05/2026 [   COMPLETE] LAUNCHER UPDATE: Done
09/05/2026 [   COMPLETE] LAUNCHER POPUP: Update to Date
09/05/2026 [       INFO] FIRST TIME RUN: Moved to Function
09/05/2026 [       CORE] LAUNCHER: Checking Installation Directory at E:\Multimedia\Programación\Proyectos\NFS World\nfsw-lan-server\launcher\GameFiles
09/05/2026 [   CHECKING] LAUNCHER: Checking Game Installation
09/05/2026 [      DEBUG] E:\Multimedia\Programación\Proyectos\NFS World\nfsw-lan-server\launcher\
09/05/2026 [   CHECKING] WRITE TEST: File [CREATE & REMOVE]
09/05/2026 [   CHECKING] WRITE TEST: File [SUCCESS]
09/05/2026 [       CORE] FOLDER FUNCTION CHECK: Directory Set at E:\Multimedia\Programación\Proyectos\NFS World\nfsw-lan-server\launcher\GameFiles
09/05/2026 [       CORE] LAUNCHER: Game Installation Path Done
09/05/2026 [   CHECKING] LAUNCHER: Checking Game Path Location
09/05/2026 [       CORE] LAUNCHER: Done Checking Game Path Location
09/05/2026 [      VISUL] CORE: Loading Main Screen
09/05/2026 [       CORE] LAUNCHER: NFSW Download Source is now: https://cdn.worldunited.gg
09/05/2026 [       CORE] LAUNCHER: Checking for password
09/05/2026 [       CORE] LAUNCHER: Setting server list
09/05/2026 [       CORE] SERVERLIST: Checking...
09/05/2026 [       CORE] SERVERLIST: Setting first server in list
09/05/2026 [       CORE] SERVERLIST: Checking if server is set on INI File
09/05/2026 [       CORE] SERVERLIST: Re-Checking if server is set on INI File
09/05/2026 [       CORE] SERVERLIST: Found something!
09/05/2026 [       CORE] SERVERLIST: Checking if server exists on our database
09/05/2026 [       CORE] SERVERLIST: Server found! Checking ID
09/05/2026 [       CORE] SERVERLIST: ID is 10
09/05/2026 [       CORE] SERVERLIST: ID set correctly
09/05/2026 [       CORE] SERVERLIST: Triggering server change
09/05/2026 [   COMPLETE] SERVERLIST: All done
09/05/2026 [       CORE] LAUNCHER: Re-checking InstallationDirectory: E:\Multimedia\Programación\Proyectos\NFS World\nfsw-lan-server\launcher\GameFiles
09/05/2026 [      VISUL] CORE: Applyinng ContextMenu
09/05/2026 [       INFO] MAINSCREEN: Hello World!
09/05/2026 [       INFO] SERVER PING: 0ms for Crazy Server
09/05/2026 [       INFO] DOWNLOAD: Getting Core Game Files
09/05/2026 [      ERROR] CDN DOWNLOADER [LZMA]: La clave proporcionada no se encontró en el diccionario.
09/05/2026 [ ERROR CODE] CDN DOWNLOADER [LZMA]: -2146232969
09/05/2026 [ FULL ERROR] CDN DOWNLOADER [LZMA]: System.Collections.Generic.KeyNotFoundException: La clave proporcionada no se encontró en el diccionario.
   en System.Collections.Generic.Dictionary`2.get_Item(TKey key)
   en SBRW.Launcher.Core.Downloader.LZMA.Download_LZMA_Data_Manager.CancelAllDownloads()
   en SBRW.Launcher.Core.Downloader.LZMA.Download_LZMA_Data.Stop()
   en SBRW.Launcher.App.UI_Forms.Main_Screen.Screen_Main.<>c__DisplayClass189_0.<Game_Downloaders>b__0()
09/05/2026 [       INFO] DOWNLOAD: Getting Tracks Folder
09/05/2026 [       INFO] DOWNLOAD: Getting Speech/Audio Files
09/05/2026 [       INFO] DOWNLOAD: Game Files Download is Complete!
09/05/2026 [       CORE] LAUNCHER: Installing ModNet
09/05/2026 [   CHECKING] CHECKING STATUS: http://192.168.1.235:8080/Engine.svc/Modding/GetModInfo
09/05/2026 [   COMPLETE] CHECKING STATUS: http://192.168.1.235:8080/Engine.svc/Modding/GetModInfo [WebException]
09/05/2026 [      ERROR] CORE: http://192.168.1.235:8080/Engine.svc/Modding/GetModInfo Additional Details -> Error en el servidor remoto: (404) No se encontró.
09/05/2026 [      ERROR] CORE: http://192.168.1.235:8080/Engine.svc/Modding/GetModInfo has an Error! Status Code: 404
09/05/2026 [       CORE] DISCORD: Client RPC Service has been Updated.
09/05/2026 [       CORE] DISCORD: Initializing Rich Presence Core For Server
09/05/2026 [      ERROR] DISCORD GAME PRESENCE [GET]: Colección modificada; puede que no se ejecute la operación de enumeración.
09/05/2026 [ ERROR CODE] DISCORD GAME PRESENCE [GET]: -2146233079
09/05/2026 [ FULL ERROR] DISCORD GAME PRESENCE [GET]: System.InvalidOperationException: Colección modificada; puede que no se ejecute la operación de enumeración.
   en System.ThrowHelper.ThrowInvalidOperationException(ExceptionResource resource)
   en System.Collections.Generic.Dictionary`2.Enumerator.MoveNext()
   en System.Linq.Enumerable.WhereSelectEnumerableIterator`2.MoveNext()
   en System.Linq.Buffer`1..ctor(IEnumerable`1 source)
   en System.Linq.Enumerable.ToArray[TSource](IEnumerable`1 source)
   en SBRW.Launcher.Core.Discord.RPC_.Presence_Game.State(String Uri, String Server_Reply, Object GET)
09/05/2026 [       CORE] LAUNCHER: Game has Fully Launched, Minimized Launcher
